// Jest Snapshot v1, https://goo.gl/fbAQLP

exports[`<CheckButton /> render 1`] = `
<DocumentFragment>
  <div
    class="css-ytjy93-checkButtonBase-checkButton"
  >
    <label>
      <input
        type="checkbox"
      />
      東京都
    </label>
  </div>
</DocumentFragment>
`;
